// Jest Snapshot v1, https://goo.gl/fbAQLP

exports[`LokiExploreQueryEditor should render component 1`] = `
<LokiQueryField
  ExtraFieldElement={
    <LokiOptionFields
      lineLimitValue="0"
      onChange={[MockFunction]}
      onRunQuery={[MockFunction]}
      query={
        Object {
          "expr": "",
          "maxLines": 0,
          "refId": "A",
        }
      }
      queryType="range"
    />
  }
  absoluteRange={
    Object {
      "from": 1577836800000,
      "to": 1577923200000,
    }
  }
  data={
    Object {
      "request": Object {
        "app": "Grafana",
        "dashboardId": 1,
        "interval": "1s",
        "intervalMs": 1000,
        "panelId": 1,
        "range": Object {
          "from": "2020-01-01T00:00:00.000Z",
          "raw": Object {
            "from": "2020-01-01T00:00:00.000Z",
            "to": "2020-01-02T00:00:00.000Z",
          },
          "to": "2020-01-02T00:00:00.000Z",
        },
        "requestId": "1",
        "scopedVars": Object {},
        "startTime": 0,
        "targets": Array [],
        "timezone": "GMT",
      },
      "series": Array [],
      "state": "NotStarted",
      "timeRange": Object {
        "from": "2020-01-01T00:00:00.000Z",
        "raw": Object {
          "from": "2020-01-01T00:00:00.000Z",
          "to": "2020-01-02T00:00:00.000Z",
        },
        "to": "2020-01-02T00:00:00.000Z",
      },
    }
  }
  datasource={
    Object {
      "getTimeRangeParams": [Function],
      "languageProvider": LokiLanguageProvider {
        "cleanText": [Function],
        "datasource": [Circular],
        "fetchSeries": [Function],
        "fetchSeriesLabels": [Function],
        "getBeginningCompletionItems": [Function],
        "getPipeCompletionItem": [Function],
        "getTermCompletionItems": [Function],
        "labelKeys": Array [],
        "labelsCache": LRUCache {
          Symbol(max): 10,
          Symbol(lengthCalculator): [Function],
          Symbol(allowStale): false,
          Symbol(maxAge): 0,
          Symbol(dispose): undefined,
          Symbol(noDisposeOnSet): false,
          Symbol(updateAgeOnGet): false,
          Symbol(cache): Map {},
          Symbol(lruList): Yallist {
            "head": null,
            "length": 0,
            "tail": null,
          },
          Symbol(length): 0,
        },
        "logLabelFetchTs": 0,
        "lookupsDisabled": false,
        "request": [Function],
        "seriesCache": LRUCache {
          Symbol(max): 10,
          Symbol(lengthCalculator): [Function],
          Symbol(allowStale): false,
          Symbol(maxAge): 0,
          Symbol(dispose): undefined,
          Symbol(noDisposeOnSet): false,
          Symbol(updateAgeOnGet): false,
          Symbol(cache): Map {},
          Symbol(lruList): Yallist {
            "head": null,
            "length": 0,
            "tail": null,
          },
          Symbol(length): 0,
        },
        "start": [Function],
        "started": false,
      },
      "metadataRequest": [Function],
    }
  }
  history={Array []}
  onBlur={[Function]}
  onChange={[MockFunction]}
  onRunQuery={[MockFunction]}
  query={
    Object {
      "expr": "",
      "maxLines": 0,
      "refId": "A",
    }
  }
/>
`;
