// Jest Snapshot v1, https://goo.gl/fbAQLP

exports[`Render should render component 1`] = `
<div
  className="panel-container css-e4b3m6"
>
  <AddPanelWidgetHandle
    onCancel={[Function]}
    styles={
      Object {
        "actionsRow": "css-l02n0m",
        "actionsWrapper": "css-gxxmom",
        "backButton": "css-1cdxa9p",
        "headerRow": "css-3sdqvi",
        "noMargin": "css-u023fv",
        "wrapper": "css-e4b3m6",
      }
    }
  >
    Add panel
  </AddPanelWidgetHandle>
  <div
    className="css-gxxmom"
  >
    <div
      className="css-l02n0m"
    >
      <div
        aria-label="Add new panel"
        onClick={[Function]}
      >
        <Icon
          name="file-blank"
          size="xl"
        />
        Add an empty panel
      </div>
      <div
        onClick={[Function]}
      >
        <Icon
          name="wrap-text"
          size="xl"
        />
        Add a new row
      </div>
    </div>
  </div>
</div>
`;
